
> hms@0.1.0 build
> next build

  Γû▓ Next.js 14.2.0
  - Environments: .env

   Creating an optimized production build ...
 Γ£ô Compiled successfully
   Linting and checking validity of types ...
   Collecting page data ...
   Generating static pages (0/77) ...
   Generating static pages (19/77) 
   Generating static pages (38/77) 
   Generating static pages (57/77) 
 Γ£ô Generating static pages (77/77)
   Finalizing page optimization ...
   Collecting build traces ...

Route (app)                                      Size     First Load JS
Γöî ╞Æ /                                            148 B          87.3 kB
Γö£ Γùï /_not-found                                  879 B            88 kB
Γö£ Γùï /admin/billing-staff                         4.03 kB         117 kB
Γö£ Γùï /admin/dashboard                             5.58 kB         112 kB
Γö£ Γùï /admin/doctors                               3.83 kB         117 kB
Γö£ Γùï /admin/expenses                              4.71 kB         142 kB
Γö£ Γùï /admin/lab-registrations                     4.55 kB         111 kB
Γö£ Γùï /admin/lab-tests                             3.6 kB          117 kB
Γö£ Γùï /admin/logs                                  3.95 kB         132 kB
Γö£ Γùï /admin/patients                              4.54 kB         111 kB
Γö£ ╞Æ /admin/patients/[id]                         6.88 kB         151 kB
Γö£ ╞Æ /admin/patients/[id]/consultation            275 B           138 kB
Γö£ Γùï /admin/payment-methods                       192 B           117 kB
Γö£ ╞Æ /admin/pharmacy/billing/[visitId]            289 B           171 kB
Γö£ Γùï /admin/pharmacy/manufacturers                267 B           117 kB
Γö£ Γùï /admin/pharmacy/medicine-categories          267 B           117 kB
Γö£ Γùï /admin/pharmacy/medicine-groups              266 B           117 kB
Γö£ Γùï /admin/pharmacy/stock                        278 B           146 kB
Γö£ ╞Æ /admin/pharmacy/stock/[medicineId]           281 B           152 kB
Γö£ Γùï /admin/pharmacy/store-stock                  278 B           146 kB
Γö£ ╞Æ /admin/pharmacy/store-stock/[medicineId]     281 B           152 kB
Γö£ Γùï /admin/pharmacy/suppliers                    264 B           117 kB
Γö£ ╞Æ /admin/procedure-billing/[visitId]           287 B           169 kB
Γö£ Γùï /admin/procedures                            3.59 kB         116 kB
Γö£ Γùï /admin/reports                               266 B           113 kB
Γö£ Γùï /admin/settings                              5.48 kB         139 kB
Γö£ Γùï /admin/users                                 5.11 kB         136 kB
Γö£ Γùï /admin/visits                                6.48 kB         113 kB
Γö£ ╞Æ /api/admin/logs                              0 B                0 B
Γö£ ╞Æ /api/auth/[...nextauth]                      0 B                0 B
Γö£ ╞Æ /api/billing-staff                           0 B                0 B
Γö£ ╞Æ /api/billing-staff/[id]                      0 B                0 B
Γö£ ╞Æ /api/billing/medicine                        0 B                0 B
Γö£ ╞Æ /api/billing/medicine/[billId]               0 B                0 B
Γö£ ╞Æ /api/billing/procedure                       0 B                0 B
Γö£ ╞Æ /api/billing/procedure/[billId]              0 B                0 B
Γö£ ╞Æ /api/db-warmup                               0 B                0 B
Γö£ ╞Æ /api/doctors                                 0 B                0 B
Γö£ ╞Æ /api/expenses                                0 B                0 B
Γö£ ╞Æ /api/expenses/[id]                           0 B                0 B
Γö£ ╞Æ /api/health                                  0 B                0 B
Γö£ ╞Æ /api/lab-tests                               0 B                0 B
Γö£ ╞Æ /api/lab-tests/[id]                          0 B                0 B
Γö£ ╞Æ /api/laboratory/bills                        0 B                0 B
Γö£ ╞Æ /api/laboratory/bills/latest                 0 B                0 B
Γö£ ╞Æ /api/laboratory/notifications/subscribe      0 B                0 B
Γö£ ╞Æ /api/logs/client                             0 B                0 B
Γö£ ╞Æ /api/manufacturers                           0 B                0 B
Γö£ ╞Æ /api/manufacturers/[id]                      0 B                0 B
Γö£ ╞Æ /api/medicine-categories                     0 B                0 B
Γö£ ╞Æ /api/medicine-categories/[id]                0 B                0 B
Γö£ ╞Æ /api/medicine-groups                         0 B                0 B
Γö£ ╞Æ /api/medicine-groups/[id]                    0 B                0 B
Γö£ ╞Æ /api/medicines                               0 B                0 B
Γö£ ╞Æ /api/medicines/[id]                          0 B                0 B
Γö£ ╞Æ /api/patients                                0 B                0 B
Γö£ ╞Æ /api/patients/[id]                           0 B                0 B
Γö£ ╞Æ /api/patients/[id]/visits                    0 B                0 B
Γö£ ╞Æ /api/payment-methods                         0 B                0 B
Γö£ ╞Æ /api/payment-methods/[id]                    0 B                0 B
Γö£ ╞Æ /api/prescriptions                           0 B                0 B
Γö£ ╞Æ /api/procedures                              0 B                0 B
Γö£ ╞Æ /api/procedures/[id]                         0 B                0 B
Γö£ ╞Æ /api/reports                                 0 B                0 B
Γö£ ╞Æ /api/settings/backup                         0 B                0 B
Γö£ ╞Æ /api/settings/lab-notifications              0 B                0 B
Γö£ ╞Æ /api/settings/op-charge                      0 B                0 B
Γö£ ╞Æ /api/stock                                   0 B                0 B
Γö£ ╞Æ /api/stock/[id]                              0 B                0 B
Γö£ ╞Æ /api/stock/batch/[id]                        0 B                0 B
Γö£ ╞Æ /api/stock/low                               0 B                0 B
Γö£ ╞Æ /api/stock/transactions                      0 B                0 B
Γö£ ╞Æ /api/stock/transfer                          0 B                0 B
Γö£ ╞Æ /api/suppliers                               0 B                0 B
Γö£ ╞Æ /api/suppliers/[id]                          0 B                0 B
Γö£ ╞Æ /api/users                                   0 B                0 B
Γö£ ╞Æ /api/users/[id]                              0 B                0 B
Γö£ ╞Æ /api/visits                                  0 B                0 B
Γö£ ╞Æ /api/visits/[id]                             0 B                0 B
Γö£ Γùï /doctor/dashboard                            2.13 kB         102 kB
Γö£ Γùï /doctor/patients                             2.28 kB         102 kB
Γö£ ╞Æ /doctor/patients/[id]                        4 kB            111 kB
Γö£ ╞Æ /doctor/patients/[id]/consultation           200 B           138 kB
Γö£ Γùï /frontdesk/dashboard                         5.56 kB         112 kB
Γö£ Γùï /frontdesk/expenses                          4.71 kB         142 kB
Γö£ Γùï /frontdesk/lab-billing                       4.25 kB         111 kB
Γö£ ╞Æ /frontdesk/lab-billing/[visitId]             6.7 kB          170 kB
Γö£ ╞Æ /frontdesk/lab-billing/lab-only/[patientId]  6.46 kB         169 kB
Γö£ Γùï /frontdesk/lab-registration                  5.04 kB         167 kB
Γö£ Γùï /frontdesk/medicine-billing                  263 B           110 kB
Γö£ ╞Æ /frontdesk/medicine-billing/[visitId]        289 B           171 kB
Γö£ ╞Æ /frontdesk/patients/[id]                     11.2 kB         164 kB
Γö£ Γùï /frontdesk/payment-methods                   265 B           117 kB
Γö£ Γùï /frontdesk/procedure-billing                 3.67 kB         110 kB
Γö£ ╞Æ /frontdesk/procedure-billing/[visitId]       213 B           169 kB
Γö£ Γùï /frontdesk/register                          4.6 kB          161 kB
Γö£ Γùï /frontdesk/reports                           283 B           113 kB
Γö£ Γùï /frontdesk/visit                             12.4 kB         176 kB
Γö£ Γùï /laboratory/dashboard                        3.69 kB         103 kB
Γö£ Γùï /login                                       5.48 kB         141 kB
Γö£ Γùï /manifest.webmanifest                        0 B                0 B
Γö£ Γùï /pharmacy/billing                            186 B           110 kB
Γö£ ╞Æ /pharmacy/billing/[visitId]                  214 B           171 kB
Γö£ Γùï /pharmacy/dashboard                          4.48 kB         111 kB
Γö£ Γùï /pharmacy/manufacturers                      192 B           117 kB
Γö£ Γùï /pharmacy/medicine-categories                191 B           117 kB
Γö£ Γùï /pharmacy/medicine-groups                    191 B           117 kB
Γö£ Γùï /pharmacy/stock                              206 B           146 kB
Γö£ ╞Æ /pharmacy/stock/[medicineId]                 207 B           152 kB
Γö£ Γùï /pharmacy/store-stock                        204 B           146 kB
Γö£ ╞Æ /pharmacy/store-stock/[medicineId]           207 B           152 kB
Γöö Γùï /pharmacy/suppliers                          191 B           117 kB
+ First Load JS shared by all                    87.1 kB
  Γö£ chunks/7023-b7e751dcdbf718fa.js              31.5 kB
  Γö£ chunks/fd9d1056-7092aaa5ac8701fe.js          53.6 kB
  Γöö other shared chunks (total)                  1.97 kB


╞Æ Middleware                                     50.3 kB

Γùï  (Static)   prerendered as static content
╞Æ  (Dynamic)  server-rendered on demand

